[2025-07-26 12:57:1753534639][INFO](pandas_search.py:18) create an instance of PandasSearch
[2025-07-26 12:57:1753534639][INFO](cell.py:7) create Cell instance
[2025-07-26 12:57:1753534639][INFO](cell.py:7) create Cell instance
[2025-07-26 12:57:1753534639][INFO](cell.py:7) create Cell instance
[2025-07-26 12:57:1753534639][INFO](cell.py:7) create Cell instance
[2025-07-26 12:57:1753534639][INFO](cell.py:7) create Cell instance
[2025-07-26 12:57:1753534639][INFO](cell.py:7) create Cell instance
[2025-07-26 12:57:1753534639][INFO](cell.py:7) create Cell instance
[2025-07-26 12:57:1753534639][INFO](cell.py:7) create Cell instance
[2025-07-26 12:57:1753534639][INFO](cell.py:7) create Cell instance
[2025-07-26 12:57:1753534639][INFO](cell.py:7) create Cell instance
[2025-07-26 12:57:1753534639][INFO](cell.py:7) create Cell instance
[2025-07-26 12:57:1753534639][INFO](cell.py:7) create Cell instance
[2025-07-26 12:57:1753534639][INFO](cell.py:7) create Cell instance
[2025-07-26 12:57:1753534639][INFO](cell.py:7) create Cell instance
[2025-07-26 12:57:1753534639][INFO](cell.py:7) create Cell instance
[2025-07-26 12:57:1753534639][INFO](cell.py:7) create Cell instance
[2025-07-26 12:57:1753534639][INFO](cell.py:7) create Cell instance
[2025-07-26 12:57:1753534639][INFO](cell.py:7) create Cell instance
[2025-07-26 12:57:1753534639][INFO](cell.py:7) create Cell instance
[2025-07-26 12:57:1753534639][INFO](cell.py:7) create Cell instance
[2025-07-26 12:57:1753534639][INFO](cell.py:7) create Cell instance
[2025-07-26 12:57:1753534639][INFO](cell.py:7) create Cell instance
[2025-07-26 12:57:1753534639][INFO](cell.py:7) create Cell instance
[2025-07-26 12:57:1753534639][INFO](cell.py:7) create Cell instance
[2025-07-26 12:57:1753534639][INFO](cell.py:7) create Cell instance
[2025-07-26 12:57:1753534639][INFO](cell.py:7) create Cell instance
[2025-07-26 12:57:1753534639][INFO](pandas_search.py:61) start search
[2025-07-26 12:57:1753534639][INFO](cell.py:7) create Cell instance
[2025-07-26 12:57:1753534639][INFO](cell.py:7) create Cell instance
[2025-07-26 12:57:1753534639][INFO](pandas_search.py:31) start is_match
[2025-07-26 12:57:1753534639][INFO](pandas_search.py:31) start is_match
[2025-07-26 12:57:1753534639][INFO](pandas_search.py:31) start is_match
[2025-07-26 12:57:1753534639][INFO](pandas_search.py:31) start is_match
[2025-07-26 12:57:1753534639][INFO](pandas_search.py:31) start is_match
[2025-07-26 12:57:1753534639][INFO](pandas_search.py:31) start is_match
[2025-07-26 12:57:1753534639][INFO](pandas_search.py:31) start is_match
[2025-07-26 12:57:1753534639][INFO](pandas_search.py:31) start is_match
[2025-07-26 12:57:1753534639][INFO](pandas_search.py:31) start is_match
[2025-07-26 12:57:1753534639][INFO](pandas_search.py:93) start peek
[2025-07-26 12:57:1753534639][INFO](pandas_search.py:61) start search
[2025-07-26 12:57:1753534639][INFO](cell.py:7) create Cell instance
[2025-07-26 12:57:1753534639][INFO](cell.py:7) create Cell instance
[2025-07-26 12:57:1753534639][INFO](pandas_search.py:31) start is_match
[2025-07-26 12:57:1753534639][INFO](pandas_search.py:31) start is_match
[2025-07-26 12:57:1753534639][INFO](pandas_search.py:31) start is_match
[2025-07-26 12:57:1753534639][INFO](pandas_search.py:31) start is_match
[2025-07-26 12:57:1753534639][INFO](cell.py:7) create Cell instance
[2025-07-26 12:57:1753534639][INFO](cell.py:7) create Cell instance
[2025-07-26 12:57:1753534639][INFO](cell.py:7) create Cell instance
[2025-07-26 12:57:1753534639][INFO](pandas_search.py:31) start is_match
[2025-07-26 12:57:1753534639][INFO](pandas_search.py:31) start is_match
[2025-07-26 12:57:1753534639][INFO](pandas_search.py:31) start is_match
[2025-07-26 12:57:1753534639][INFO](pandas_search.py:31) start is_match
[2025-07-26 12:57:1753534639][INFO](pandas_search.py:31) start is_match
[2025-07-26 12:57:1753534639][INFO](pandas_search.py:93) start peek
[2025-07-26 12:57:1753534639][INFO](pandas_search.py:61) start search
[2025-07-26 12:57:1753534639][INFO](cell.py:7) create Cell instance
[2025-07-26 12:57:1753534639][INFO](cell.py:7) create Cell instance
[2025-07-26 12:57:1753534639][INFO](pandas_search.py:31) start is_match
[2025-07-26 12:57:1753534639][INFO](pandas_search.py:31) start is_match
[2025-07-26 12:57:1753534639][INFO](pandas_search.py:31) start is_match
[2025-07-26 12:57:1753534639][INFO](pandas_search.py:31) start is_match
[2025-07-26 12:57:1753534639][INFO](cell.py:7) create Cell instance
[2025-07-26 12:57:1753534639][INFO](cell.py:7) create Cell instance
[2025-07-26 12:57:1753534639][INFO](cell.py:7) create Cell instance
[2025-07-26 12:57:1753534639][INFO](pandas_search.py:31) start is_match
[2025-07-26 12:57:1753534639][INFO](pandas_search.py:31) start is_match
[2025-07-26 12:57:1753534639][INFO](pandas_search.py:31) start is_match
[2025-07-26 12:57:1753534639][INFO](pandas_search.py:31) start is_match
[2025-07-26 12:57:1753534639][INFO](pandas_search.py:31) start is_match
[2025-07-26 12:57:1753534639][INFO](pandas_search.py:93) start peek
[2025-07-26 12:57:1753534639][INFO](pandas_search.py:61) start search
[2025-07-26 12:57:1753534639][INFO](cell.py:7) create Cell instance
[2025-07-26 12:57:1753534639][INFO](cell.py:7) create Cell instance
[2025-07-26 12:57:1753534639][INFO](pandas_search.py:31) start is_match
[2025-07-26 12:57:1753534639][INFO](pandas_search.py:31) start is_match
[2025-07-26 12:57:1753534639][INFO](pandas_search.py:31) start is_match
[2025-07-26 12:57:1753534639][INFO](pandas_search.py:31) start is_match
[2025-07-26 12:57:1753534639][INFO](cell.py:7) create Cell instance
[2025-07-26 12:57:1753534639][INFO](cell.py:7) create Cell instance
[2025-07-26 12:57:1753534639][INFO](cell.py:7) create Cell instance
[2025-07-26 12:57:1753534639][INFO](pandas_search.py:31) start is_match
[2025-07-26 12:57:1753534639][INFO](pandas_search.py:31) start is_match
[2025-07-26 12:57:1753534639][INFO](pandas_search.py:31) start is_match
[2025-07-26 12:57:1753534639][INFO](pandas_search.py:31) start is_match
[2025-07-26 12:57:1753534639][INFO](pandas_search.py:31) start is_match
[2025-07-26 12:57:1753534639][INFO](pandas_search.py:93) start peek
[2025-07-26 12:57:1753534639][INFO](pandas_search.py:61) start search
[2025-07-26 12:57:1753534639][INFO](cell.py:7) create Cell instance
[2025-07-26 12:57:1753534639][INFO](cell.py:7) create Cell instance
[2025-07-26 12:57:1753534639][INFO](pandas_search.py:31) start is_match
[2025-07-26 12:57:1753534639][INFO](pandas_search.py:31) start is_match
[2025-07-26 12:57:1753534639][INFO](pandas_search.py:31) start is_match
[2025-07-26 12:57:1753534639][INFO](pandas_search.py:31) start is_match
[2025-07-26 12:57:1753534639][INFO](cell.py:7) create Cell instance
[2025-07-26 12:57:1753534639][INFO](cell.py:7) create Cell instance
[2025-07-26 12:57:1753534639][INFO](cell.py:7) create Cell instance
[2025-07-26 12:57:1753534639][INFO](pandas_search.py:31) start is_match
[2025-07-26 12:57:1753534639][INFO](pandas_search.py:31) start is_match
[2025-07-26 12:57:1753534639][INFO](pandas_search.py:31) start is_match
[2025-07-26 12:57:1753534639][INFO](pandas_search.py:31) start is_match
[2025-07-26 12:57:1753534639][INFO](pandas_search.py:31) start is_match
[2025-07-26 12:57:1753534639][INFO](pandas_search.py:93) start peek
[2025-07-26 12:57:1753534639][INFO](pandas_search.py:61) start search
[2025-07-26 12:57:1753534639][INFO](cell.py:7) create Cell instance
[2025-07-26 12:57:1753534639][INFO](cell.py:7) create Cell instance
[2025-07-26 12:57:1753534639][INFO](pandas_search.py:31) start is_match
[2025-07-26 12:57:1753534639][INFO](pandas_search.py:31) start is_match
[2025-07-26 12:57:1753534639][INFO](pandas_search.py:31) start is_match
[2025-07-26 12:57:1753534639][INFO](pandas_search.py:31) start is_match
[2025-07-26 12:57:1753534639][INFO](cell.py:7) create Cell instance
[2025-07-26 12:57:1753534639][INFO](cell.py:7) create Cell instance
[2025-07-26 12:57:1753534639][INFO](cell.py:7) create Cell instance
[2025-07-26 12:57:1753534639][INFO](pandas_search.py:31) start is_match
[2025-07-26 12:57:1753534639][INFO](pandas_search.py:31) start is_match
[2025-07-26 12:57:1753534639][INFO](pandas_search.py:31) start is_match
[2025-07-26 12:57:1753534639][INFO](pandas_search.py:31) start is_match
[2025-07-26 12:57:1753534639][INFO](pandas_search.py:31) start is_match
[2025-07-26 12:57:1753534639][INFO](pandas_search.py:93) start peek
[2025-07-26 12:57:1753534639][INFO](pandas_search.py:61) start search
[2025-07-26 12:57:1753534639][INFO](cell.py:7) create Cell instance
[2025-07-26 12:57:1753534639][INFO](cell.py:7) create Cell instance
[2025-07-26 12:57:1753534639][INFO](pandas_search.py:31) start is_match
[2025-07-26 12:57:1753534639][INFO](pandas_search.py:31) start is_match
[2025-07-26 12:57:1753534639][INFO](pandas_search.py:31) start is_match
[2025-07-26 12:57:1753534639][INFO](pandas_search.py:31) start is_match
[2025-07-26 12:57:1753534639][INFO](cell.py:7) create Cell instance
[2025-07-26 12:57:1753534639][INFO](cell.py:7) create Cell instance
[2025-07-26 12:57:1753534639][INFO](cell.py:7) create Cell instance
[2025-07-26 12:57:1753534639][INFO](pandas_search.py:31) start is_match
[2025-07-26 12:57:1753534639][INFO](pandas_search.py:31) start is_match
[2025-07-26 12:57:1753534639][INFO](pandas_search.py:31) start is_match
[2025-07-26 12:57:1753534639][INFO](pandas_search.py:31) start is_match
[2025-07-26 12:57:1753534639][INFO](pandas_search.py:31) start is_match
[2025-07-26 13:27:1753536466][INFO](pandas_search.py:18) create an instance of PandasSearch
[2025-07-26 13:27:1753536466][INFO](cell.py:7) create Cell instance
[2025-07-26 13:27:1753536466][INFO](cell.py:7) create Cell instance
[2025-07-26 13:27:1753536466][INFO](cell.py:7) create Cell instance
[2025-07-26 13:27:1753536466][INFO](cell.py:7) create Cell instance
[2025-07-26 13:27:1753536466][INFO](cell.py:7) create Cell instance
[2025-07-26 13:27:1753536466][INFO](cell.py:7) create Cell instance
[2025-07-26 13:27:1753536466][INFO](cell.py:7) create Cell instance
[2025-07-26 13:27:1753536466][INFO](cell.py:7) create Cell instance
[2025-07-26 13:27:1753536466][INFO](cell.py:7) create Cell instance
[2025-07-26 13:27:1753536466][INFO](cell.py:7) create Cell instance
[2025-07-26 13:27:1753536466][INFO](cell.py:7) create Cell instance
[2025-07-26 13:27:1753536466][INFO](cell.py:7) create Cell instance
[2025-07-26 13:27:1753536466][INFO](cell.py:7) create Cell instance
[2025-07-26 13:27:1753536466][INFO](cell.py:7) create Cell instance
[2025-07-26 13:27:1753536466][INFO](cell.py:7) create Cell instance
[2025-07-26 13:27:1753536466][INFO](cell.py:7) create Cell instance
[2025-07-26 13:27:1753536466][INFO](cell.py:7) create Cell instance
[2025-07-26 13:27:1753536466][INFO](cell.py:7) create Cell instance
[2025-07-26 13:27:1753536466][INFO](cell.py:7) create Cell instance
[2025-07-26 13:27:1753536466][INFO](cell.py:7) create Cell instance
[2025-07-26 13:27:1753536466][INFO](cell.py:7) create Cell instance
[2025-07-26 13:27:1753536466][INFO](cell.py:7) create Cell instance
[2025-07-26 13:27:1753536466][INFO](cell.py:7) create Cell instance
[2025-07-26 13:27:1753536466][INFO](cell.py:7) create Cell instance
[2025-07-26 13:27:1753536466][INFO](cell.py:7) create Cell instance
[2025-07-26 13:27:1753536466][INFO](cell.py:7) create Cell instance
[2025-07-26 13:27:1753536466][INFO](pandas_search.py:61) start search
[2025-07-26 13:27:1753536466][INFO](cell.py:7) create Cell instance
[2025-07-26 13:27:1753536466][INFO](cell.py:7) create Cell instance
[2025-07-26 13:27:1753536466][INFO](pandas_search.py:31) start is_match
[2025-07-26 13:27:1753536466][INFO](pandas_search.py:31) start is_match
[2025-07-26 13:27:1753536466][INFO](pandas_search.py:31) start is_match
[2025-07-26 13:27:1753536466][INFO](pandas_search.py:31) start is_match
[2025-07-26 13:27:1753536466][INFO](pandas_search.py:31) start is_match
[2025-07-26 13:27:1753536466][INFO](pandas_search.py:31) start is_match
[2025-07-26 13:27:1753536466][INFO](pandas_search.py:31) start is_match
[2025-07-26 13:27:1753536466][INFO](pandas_search.py:31) start is_match
[2025-07-26 13:27:1753536466][INFO](pandas_search.py:31) start is_match
[2025-07-26 13:27:1753536466][INFO](pandas_search.py:93) start peek
[2025-07-26 13:27:1753536466][INFO](pandas_search.py:61) start search
[2025-07-26 13:27:1753536466][INFO](cell.py:7) create Cell instance
[2025-07-26 13:27:1753536466][INFO](cell.py:7) create Cell instance
[2025-07-26 13:27:1753536466][INFO](pandas_search.py:31) start is_match
[2025-07-26 13:27:1753536466][INFO](pandas_search.py:31) start is_match
[2025-07-26 13:27:1753536466][INFO](pandas_search.py:31) start is_match
[2025-07-26 13:27:1753536466][INFO](pandas_search.py:31) start is_match
[2025-07-26 13:27:1753536466][INFO](cell.py:7) create Cell instance
[2025-07-26 13:27:1753536466][INFO](cell.py:7) create Cell instance
[2025-07-26 13:27:1753536466][INFO](cell.py:7) create Cell instance
[2025-07-26 13:27:1753536466][INFO](pandas_search.py:31) start is_match
[2025-07-26 13:27:1753536466][INFO](pandas_search.py:31) start is_match
[2025-07-26 13:27:1753536466][INFO](pandas_search.py:31) start is_match
[2025-07-26 13:27:1753536466][INFO](pandas_search.py:31) start is_match
[2025-07-26 13:27:1753536466][INFO](pandas_search.py:31) start is_match
[2025-07-26 13:27:1753536466][INFO](pandas_search.py:93) start peek
[2025-07-26 13:27:1753536466][INFO](pandas_search.py:61) start search
[2025-07-26 13:27:1753536466][INFO](cell.py:7) create Cell instance
[2025-07-26 13:27:1753536466][INFO](cell.py:7) create Cell instance
[2025-07-26 13:27:1753536466][INFO](pandas_search.py:31) start is_match
[2025-07-26 13:27:1753536466][INFO](pandas_search.py:31) start is_match
[2025-07-26 13:27:1753536466][INFO](pandas_search.py:31) start is_match
[2025-07-26 13:27:1753536466][INFO](pandas_search.py:31) start is_match
[2025-07-26 13:27:1753536466][INFO](cell.py:7) create Cell instance
[2025-07-26 13:27:1753536466][INFO](cell.py:7) create Cell instance
[2025-07-26 13:27:1753536466][INFO](cell.py:7) create Cell instance
[2025-07-26 13:27:1753536466][INFO](pandas_search.py:31) start is_match
[2025-07-26 13:27:1753536466][INFO](pandas_search.py:31) start is_match
[2025-07-26 13:27:1753536466][INFO](pandas_search.py:31) start is_match
[2025-07-26 13:27:1753536466][INFO](pandas_search.py:31) start is_match
[2025-07-26 13:27:1753536466][INFO](pandas_search.py:31) start is_match
[2025-07-26 13:27:1753536466][INFO](pandas_search.py:93) start peek
[2025-07-26 13:27:1753536466][INFO](pandas_search.py:61) start search
[2025-07-26 13:27:1753536466][INFO](cell.py:7) create Cell instance
[2025-07-26 13:27:1753536466][INFO](cell.py:7) create Cell instance
[2025-07-26 13:27:1753536466][INFO](pandas_search.py:31) start is_match
[2025-07-26 13:27:1753536466][INFO](pandas_search.py:31) start is_match
[2025-07-26 13:27:1753536466][INFO](pandas_search.py:31) start is_match
[2025-07-26 13:27:1753536466][INFO](pandas_search.py:31) start is_match
[2025-07-26 13:27:1753536466][INFO](cell.py:7) create Cell instance
[2025-07-26 13:27:1753536466][INFO](cell.py:7) create Cell instance
[2025-07-26 13:27:1753536466][INFO](cell.py:7) create Cell instance
[2025-07-26 13:27:1753536466][INFO](pandas_search.py:31) start is_match
[2025-07-26 13:27:1753536466][INFO](pandas_search.py:31) start is_match
[2025-07-26 13:27:1753536466][INFO](pandas_search.py:31) start is_match
[2025-07-26 13:27:1753536466][INFO](pandas_search.py:31) start is_match
[2025-07-26 13:27:1753536466][INFO](pandas_search.py:31) start is_match
[2025-07-26 13:27:1753536466][INFO](pandas_search.py:93) start peek
[2025-07-26 13:27:1753536466][INFO](pandas_search.py:61) start search
[2025-07-26 13:27:1753536466][INFO](cell.py:7) create Cell instance
[2025-07-26 13:27:1753536466][INFO](cell.py:7) create Cell instance
[2025-07-26 13:27:1753536466][INFO](pandas_search.py:31) start is_match
[2025-07-26 13:27:1753536466][INFO](pandas_search.py:31) start is_match
[2025-07-26 13:27:1753536466][INFO](pandas_search.py:31) start is_match
[2025-07-26 13:27:1753536466][INFO](pandas_search.py:31) start is_match
[2025-07-26 13:27:1753536466][INFO](cell.py:7) create Cell instance
[2025-07-26 13:27:1753536466][INFO](cell.py:7) create Cell instance
[2025-07-26 13:27:1753536466][INFO](cell.py:7) create Cell instance
[2025-07-26 13:27:1753536466][INFO](pandas_search.py:31) start is_match
[2025-07-26 13:27:1753536466][INFO](pandas_search.py:31) start is_match
[2025-07-26 13:27:1753536466][INFO](pandas_search.py:31) start is_match
[2025-07-26 13:27:1753536466][INFO](pandas_search.py:31) start is_match
[2025-07-26 13:27:1753536466][INFO](pandas_search.py:31) start is_match
[2025-07-26 13:27:1753536466][INFO](pandas_search.py:93) start peek
[2025-07-26 13:27:1753536466][INFO](pandas_search.py:61) start search
[2025-07-26 13:27:1753536466][INFO](cell.py:7) create Cell instance
[2025-07-26 13:27:1753536466][INFO](cell.py:7) create Cell instance
[2025-07-26 13:27:1753536466][INFO](pandas_search.py:31) start is_match
[2025-07-26 13:27:1753536466][INFO](pandas_search.py:31) start is_match
[2025-07-26 13:27:1753536466][INFO](pandas_search.py:31) start is_match
[2025-07-26 13:27:1753536466][INFO](pandas_search.py:31) start is_match
[2025-07-26 13:27:1753536466][INFO](cell.py:7) create Cell instance
[2025-07-26 13:27:1753536466][INFO](cell.py:7) create Cell instance
[2025-07-26 13:27:1753536466][INFO](cell.py:7) create Cell instance
[2025-07-26 13:27:1753536466][INFO](pandas_search.py:31) start is_match
[2025-07-26 13:27:1753536466][INFO](pandas_search.py:31) start is_match
[2025-07-26 13:27:1753536466][INFO](pandas_search.py:31) start is_match
[2025-07-26 13:27:1753536466][INFO](pandas_search.py:31) start is_match
[2025-07-26 13:27:1753536466][INFO](pandas_search.py:31) start is_match
[2025-07-26 13:27:1753536466][INFO](pandas_search.py:93) start peek
[2025-07-26 13:27:1753536466][INFO](pandas_search.py:61) start search
[2025-07-26 13:27:1753536466][INFO](cell.py:7) create Cell instance
[2025-07-26 13:27:1753536466][INFO](cell.py:7) create Cell instance
[2025-07-26 13:27:1753536466][INFO](pandas_search.py:31) start is_match
[2025-07-26 13:27:1753536466][INFO](pandas_search.py:31) start is_match
[2025-07-26 13:27:1753536466][INFO](pandas_search.py:31) start is_match
[2025-07-26 13:27:1753536466][INFO](pandas_search.py:31) start is_match
[2025-07-26 13:27:1753536466][INFO](cell.py:7) create Cell instance
[2025-07-26 13:27:1753536466][INFO](cell.py:7) create Cell instance
[2025-07-26 13:27:1753536466][INFO](cell.py:7) create Cell instance
[2025-07-26 13:27:1753536466][INFO](pandas_search.py:31) start is_match
[2025-07-26 13:27:1753536466][INFO](pandas_search.py:31) start is_match
[2025-07-26 13:27:1753536466][INFO](pandas_search.py:31) start is_match
[2025-07-26 13:27:1753536466][INFO](pandas_search.py:31) start is_match
[2025-07-26 13:27:1753536466][INFO](pandas_search.py:31) start is_match
